2026-05-09 21:23:04,215 INFO summary_completed | detected_sections=[abstract] | extracted_char_count=26911 | generation_ms=17893 | paragraph_count=1 | selected_sentence_count=5 | sentence_count=145 | skipped_duplicate_count=1 | source_type=pdf
2026-05-09 21:23:04 INFO summary_completed | detected_sections=[abstract] | extracted_char_count=26911 | generation_ms=17893 | paragraph_count=1 | selected_sentence_count=5 | sentence_count=145 | skipped_duplicate_count=1 | source_type=pdf
2026-05-09 22:01:30,780 INFO summary_completed | detected_sections=[introduction] | extracted_char_count=26911 | generation_ms=79810 | paragraph_count=1 | selected_sentence_count=15 | sentence_count=145 | skipped_duplicate_count=5 | source_type=pdf
2026-05-09 22:01:30 INFO summary_completed | detected_sections=[introduction] | extracted_char_count=26911 | generation_ms=79810 | paragraph_count=1 | selected_sentence_count=15 | sentence_count=145 | skipped_duplicate_count=5 | source_type=pdf
2026-05-09 22:10:13,234 INFO summary_completed | detected_sections=[introduction] | extracted_char_count=26911 | generation_ms=58241 | paragraph_count=1 | selected_sentence_count=15 | sentence_count=145 | skipped_duplicate_count=5 | source_type=pdf
2026-05-09 22:10:13 INFO summary_completed | detected_sections=[introduction] | extracted_char_count=26911 | generation_ms=58241 | paragraph_count=1 | selected_sentence_count=15 | sentence_count=145 | skipped_duplicate_count=5 | source_type=pdf
2026-05-09 22:15:12,765 INFO summary_completed | detected_sections=[introduction] | extracted_char_count=26911 | generation_ms=21020 | paragraph_count=1 | selected_sentence_count=5 | sentence_count=145 | skipped_duplicate_count=1 | source_type=pdf
2026-05-09 22:15:12 INFO summary_completed | detected_sections=[introduction] | extracted_char_count=26911 | generation_ms=21020 | paragraph_count=1 | selected_sentence_count=5 | sentence_count=145 | skipped_duplicate_count=1 | source_type=pdf
2026-05-09 22:17:07,892 INFO summary_completed | detected_sections=[introduction] | extracted_char_count=26911 | generation_ms=53858 | paragraph_count=1 | selected_sentence_count=15 | sentence_count=145 | skipped_duplicate_count=5 | source_type=pdf
2026-05-09 22:17:07 INFO summary_completed | detected_sections=[introduction] | extracted_char_count=26911 | generation_ms=53858 | paragraph_count=1 | selected_sentence_count=15 | sentence_count=145 | skipped_duplicate_count=5 | source_type=pdf
2026-05-09 22:24:03,918 INFO summary_completed_short_text | detected_sections=[introduction] | extracted_char_count=78 | generation_ms=7820 | paragraph_count=1 | selected_sentence_count=3 | sentence_count=3 | skipped_duplicate_count=0 | source_type=text
2026-05-09 22:24:03 INFO summary_completed_short_text | detected_sections=[introduction] | extracted_char_count=78 | generation_ms=7820 | paragraph_count=1 | selected_sentence_count=3 | sentence_count=3 | skipped_duplicate_count=0 | source_type=text
2026-05-09 22:24:10,513 INFO summary_completed | detected_sections=[introduction] | extracted_char_count=918 | generation_ms=6593 | paragraph_count=1 | selected_sentence_count=4 | sentence_count=9 | skipped_duplicate_count=0 | source_type=text
2026-05-09 22:24:10 INFO summary_completed | detected_sections=[introduction] | extracted_char_count=918 | generation_ms=6593 | paragraph_count=1 | selected_sentence_count=4 | sentence_count=9 | skipped_duplicate_count=0 | source_type=text
2026-05-09 22:25:29,732 INFO summary_completed | detected_sections=[introduction] | extracted_char_count=26911 | generation_ms=18448 | paragraph_count=1 | selected_sentence_count=5 | sentence_count=145 | skipped_duplicate_count=1 | source_type=pdf
2026-05-09 22:25:29 INFO summary_completed | detected_sections=[introduction] | extracted_char_count=26911 | generation_ms=18448 | paragraph_count=1 | selected_sentence_count=5 | sentence_count=145 | skipped_duplicate_count=1 | source_type=pdf
2026-05-11 09:04:37,576 INFO summary_completed | detected_sections=[introduction] | extracted_char_count=26911 | generation_ms=23856 | paragraph_count=1 | selected_sentence_count=15 | sentence_count=145 | skipped_duplicate_count=8 | source_type=pdf
2026-05-11 09:04:37 INFO summary_completed | detected_sections=[introduction] | extracted_char_count=26911 | generation_ms=23856 | paragraph_count=1 | selected_sentence_count=15 | sentence_count=145 | skipped_duplicate_count=8 | source_type=pdf
2026-05-11 09:12:36,635 INFO summary_completed | detected_sections=[introduction] | extracted_char_count=26911 | generation_ms=20328 | paragraph_count=1 | selected_sentence_count=15 | sentence_count=145 | skipped_duplicate_count=8 | source_type=pdf
2026-05-11 09:12:36 INFO summary_completed | detected_sections=[introduction] | extracted_char_count=26911 | generation_ms=20328 | paragraph_count=1 | selected_sentence_count=15 | sentence_count=145 | skipped_duplicate_count=8 | source_type=pdf
2026-05-11 09:17:08,353 INFO summary_completed | detected_sections=[introduction] | extracted_char_count=26911 | generation_ms=17135 | paragraph_count=1 | selected_sentence_count=15 | sentence_count=145 | skipped_duplicate_count=8 | source_type=pdf
2026-05-11 09:17:08 INFO summary_completed | detected_sections=[introduction] | extracted_char_count=26911 | generation_ms=17135 | paragraph_count=1 | selected_sentence_count=15 | sentence_count=145 | skipped_duplicate_count=8 | source_type=pdf
2026-05-11 09:48:50,347 INFO summary_completed_short_text | detected_sections=[introduction] | extracted_char_count=55 | generation_ms=1867 | paragraph_count=1 | selected_sentence_count=1 | sentence_count=1 | skipped_duplicate_count=0 | source_type=text
2026-05-11 09:48:50 INFO summary_completed_short_text | detected_sections=[introduction] | extracted_char_count=55 | generation_ms=1867 | paragraph_count=1 | selected_sentence_count=1 | sentence_count=1 | skipped_duplicate_count=0 | source_type=text
2026-05-11 09:56:00,607 INFO summary_completed | detected_sections=[introduction] | extracted_char_count=26911 | generation_ms=14040 | paragraph_count=1 | selected_sentence_count=15 | sentence_count=145 | skipped_duplicate_count=8 | source_type=pdf
2026-05-11 09:56:00 INFO summary_completed | detected_sections=[introduction] | extracted_char_count=26911 | generation_ms=14040 | paragraph_count=1 | selected_sentence_count=15 | sentence_count=145 | skipped_duplicate_count=8 | source_type=pdf
